GowinSynthesis start
Running parser ...
Analyzing Verilog file 'D:\estudos\infnet\bloco8\pb\vga-framebuffer-arm-fpga\tp3\verilog\tp3-verilog\src\blink_gen.v'
Analyzing Verilog file 'D:\estudos\infnet\bloco8\pb\vga-framebuffer-arm-fpga\tp3\verilog\tp3-verilog\src\debounce.v'
Analyzing Verilog file 'D:\estudos\infnet\bloco8\pb\vga-framebuffer-arm-fpga\tp3\verilog\tp3-verilog\src\fsm_control.v'
Analyzing Verilog file 'D:\estudos\infnet\bloco8\pb\vga-framebuffer-arm-fpga\tp3\verilog\tp3-verilog\src\por_reset.v'
Analyzing Verilog file 'D:\estudos\infnet\bloco8\pb\vga-framebuffer-arm-fpga\tp3\verilog\tp3-verilog\src\sync2ff.v'
Analyzing Verilog file 'D:\estudos\infnet\bloco8\pb\vga-framebuffer-arm-fpga\tp3\verilog\tp3-verilog\src\tb_fsm_control.v'
Analyzing Verilog file 'D:\estudos\infnet\bloco8\pb\vga-framebuffer-arm-fpga\tp3\verilog\tp3-verilog\src\top.v'
Compiling module 'top'("D:\estudos\infnet\bloco8\pb\vga-framebuffer-arm-fpga\tp3\verilog\tp3-verilog\src\top.v":1)
Compiling module 'por_reset'("D:\estudos\infnet\bloco8\pb\vga-framebuffer-arm-fpga\tp3\verilog\tp3-verilog\src\por_reset.v":1)
Compiling module 'sync2ff'("D:\estudos\infnet\bloco8\pb\vga-framebuffer-arm-fpga\tp3\verilog\tp3-verilog\src\sync2ff.v":1)
Compiling module 'debounce'("D:\estudos\infnet\bloco8\pb\vga-framebuffer-arm-fpga\tp3\verilog\tp3-verilog\src\debounce.v":1)
WARN  (EX3791) : Expression size 21 truncated to fit in target size 20("D:\estudos\infnet\bloco8\pb\vga-framebuffer-arm-fpga\tp3\verilog\tp3-verilog\src\debounce.v":19)
Compiling module 'fsm_control'("D:\estudos\infnet\bloco8\pb\vga-framebuffer-arm-fpga\tp3\verilog\tp3-verilog\src\fsm_control.v":1)
Compiling module 'blink_gen'("D:\estudos\infnet\bloco8\pb\vga-framebuffer-arm-fpga\tp3\verilog\tp3-verilog\src\blink_gen.v":1)
NOTE  (EX0101) : Current top module is "top"
[5%] Running netlist conversion ...
Running device independent optimization ...
[10%] Optimizing Phase 0 completed
[15%] Optimizing Phase 1 completed
[25%] Optimizing Phase 2 completed
Running inference ...
[30%] Inferring Phase 0 completed
[40%] Inferring Phase 1 completed
[50%] Inferring Phase 2 completed
[55%] Inferring Phase 3 completed
Running technical mapping ...
[60%] Tech-Mapping Phase 0 completed
[65%] Tech-Mapping Phase 1 completed
[75%] Tech-Mapping Phase 2 completed
[80%] Tech-Mapping Phase 3 completed
[90%] Tech-Mapping Phase 4 completed
[95%] Generate netlist file "D:\estudos\infnet\bloco8\pb\vga-framebuffer-arm-fpga\tp3\verilog\tp3-verilog\impl\gwsynthesis\tp3-verilog.vg" completed
[100%] Generate report file "D:\estudos\infnet\bloco8\pb\vga-framebuffer-arm-fpga\tp3\verilog\tp3-verilog\impl\gwsynthesis\tp3-verilog_syn.rpt.html" completed
GowinSynthesis finish
